---
http_interactions:
- request:
    method: get
    uri: https://qb.sbfinance.intuit.com/v3/company/1014843225/query?query=select%20*%20from%20Item%20where%20Name%20=%20'Shipping%20Charges'%20STARTPOSITION%201%20MAXRESULTS%2020
    body:
      encoding: US-ASCII
      string: ''
    headers:
      Content-Type:
      - application/xml
      Accept:
      - application/xml
      Accept-Encoding:
      - gzip;q=1.0,deflate;q=0.6,identity;q=0.3
      User-Agent:
      - OAuth gem v0.4.7
      Authorization:
      - OAuth oauth_consumer_key="qyprdcG20NCyjy5jd7tKal9ivdOcbH", oauth_nonce="E2g32yhuNwuAA3QK0s0i1EJhvKsTv4C7BmxJDDkk",
        oauth_signature="gOL8PY7F3yK2Dfi%2F%2Fi8eHavOPAc%3D", oauth_signature_method="HMAC-SHA1",
        oauth_timestamp="1386901746", oauth_token="qyprdINz6x1Qccyyj7XjELX7qxFBE9CSTeNLmbPYb7oMoktC",
        oauth_version="1.0"
  response:
    status:
      code: 200
      message: OK
    headers:
      Date:
      - Fri, 13 Dec 2013 02:29:07 GMT
      Server:
      - Apache/2.2.22 (Unix)
      Qbo-Version:
      - '68.147'
      Cache-Control:
      - max-age=0, no-cache, no-store, must-revalidate, private
      Expires:
      - '0'
      Intuit-Tid:
      - 98e4ca8e-c5e5-428f-874b-62729b4ddc5c
      Via:
      - 1.1 ipp-gateway-ap02
      Content-Length:
      - '167'
      Connection:
      - close
      Content-Type:
      - application/xml;charset=UTF-8
    body:
      encoding: UTF-8
      string: <?xml version="1.0" encoding="UTF-8" standalone="yes"?><IntuitResponse
        xmlns="http://schema.intuit.com/finance/v3" time="2013-12-12T18:29:07.702-08:00"><QueryResponse/></IntuitResponse>
    http_version: 
  recorded_at: Fri, 13 Dec 2013 02:29:08 GMT
- request:
    method: post
    uri: https://qb.sbfinance.intuit.com/v3/company/1014843225/item
    body:
      encoding: UTF-8
      string: |-
        <?xml version="1.0" encoding="utf-8"?>
        <Item xmlns="http://schema.intuit.com/finance/v3" sparse="false">
        <Name>Shipping Charges</Name>
        <Description>Shipping</Description>
        <UnitPrice>5.0</UnitPrice>
        <Type>Inventory</Type>
        <IncomeAccountRef>76</IncomeAccountRef>
        </Item>
    headers:
      Content-Type:
      - application/xml
      Accept:
      - application/xml
      Accept-Encoding:
      - gzip;q=1.0,deflate;q=0.6,identity;q=0.3
      User-Agent:
      - OAuth gem v0.4.7
      Content-Length:
      - '268'
      Authorization:
      - OAuth oauth_body_hash="g5pvPMCYa6WnL5qK6NUy%2FTgndE4%3D", oauth_consumer_key="qyprdcG20NCyjy5jd7tKal9ivdOcbH",
        oauth_nonce="8hprXXnVr7xMXCTZQdIXyGnFzoWAvlgyBDsPJGqY5k", oauth_signature="p0lM65TlrphhlFDPe05EJL4N7fw%3D",
        oauth_signature_method="HMAC-SHA1", oauth_timestamp="1386901748", oauth_token="qyprdINz6x1Qccyyj7XjELX7qxFBE9CSTeNLmbPYb7oMoktC",
        oauth_version="1.0"
  response:
    status:
      code: 200
      message: OK
    headers:
      Date:
      - Fri, 13 Dec 2013 02:29:08 GMT
      Server:
      - Apache/2.2.22 (Unix)
      Qbo-Version:
      - '68.147'
      Cache-Control:
      - max-age=0, no-cache, no-store, must-revalidate, private
      Expires:
      - '0'
      Intuit-Tid:
      - c22d0333-814f-430e-9eb2-653ce3760514
      Via:
      - 1.1 ipp-gateway-ap06
      Content-Length:
      - '411'
      Connection:
      - close
      Content-Type:
      - application/xml;charset=UTF-8
    body:
      encoding: UTF-8
      string: <?xml version="1.0" encoding="UTF-8" standalone="yes"?><IntuitResponse
        xmlns="http://schema.intuit.com/finance/v3" time="2013-12-12T18:29:09.063-08:00"><Item
        domain="QBO" sparse="false"><Id>6</Id><SyncToken>0</SyncToken><MetaData><CreateTime>2013-12-12T18:29:09-08:00</CreateTime><LastUpdatedTime>2013-12-12T18:29:09-08:00</LastUpdatedTime></MetaData><Name>Shipping
        Charges</Name><Description>Shipping</Description><Active>true</Active><Taxable>false</Taxable><SalesTaxIncluded>false</SalesTaxIncluded><UnitPrice>5</UnitPrice><Type>Service</Type><IncomeAccountRef
        name="Inventory Asset">76</IncomeAccountRef><PurchaseTaxIncluded>false</PurchaseTaxIncluded><PurchaseCost>0</PurchaseCost><TrackQtyOnHand>false</TrackQtyOnHand></Item></IntuitResponse>
    http_version: 
  recorded_at: Fri, 13 Dec 2013 02:29:09 GMT
- request:
    method: get
    uri: https://qb.sbfinance.intuit.com/v3/company/1014843225/query?query=select%20*%20from%20Item%20where%20Name%20=%20'Shipping%20Charges'%20STARTPOSITION%201%20MAXRESULTS%2020
    body:
      encoding: US-ASCII
      string: ''
    headers:
      Content-Type:
      - application/xml
      Accept:
      - application/xml
      Accept-Encoding:
      - gzip;q=1.0,deflate;q=0.6,identity;q=0.3
      User-Agent:
      - OAuth gem v0.4.7
      Authorization:
      - OAuth oauth_consumer_key="qyprdcG20NCyjy5jd7tKal9ivdOcbH", oauth_nonce="GHabTstgALunsRanntMxxpczy2irqiUU8g6iRCDZY",
        oauth_signature="YT0dl%2BNbyX09k9MA9bFmfJMctWo%3D", oauth_signature_method="HMAC-SHA1",
        oauth_timestamp="1386901749", oauth_token="qyprdINz6x1Qccyyj7XjELX7qxFBE9CSTeNLmbPYb7oMoktC",
        oauth_version="1.0"
  response:
    status:
      code: 200
      message: OK
    headers:
      Date:
      - Fri, 13 Dec 2013 02:29:10 GMT
      Server:
      - Apache/2.2.22 (Unix)
      Qbo-Version:
      - '68.147'
      Cache-Control:
      - max-age=0, no-cache, no-store, must-revalidate, private
      Expires:
      - '0'
      Intuit-Tid:
      - 8bf28c0e-7b79-4aea-8809-3d7f15e619dd
      Via:
      - 1.1 ipp-gateway-ap01
      Content-Length:
      - '456'
      Connection:
      - close
      Content-Type:
      - application/xml;charset=UTF-8
    body:
      encoding: UTF-8
      string: <?xml version="1.0" encoding="UTF-8" standalone="yes"?><IntuitResponse
        xmlns="http://schema.intuit.com/finance/v3" time="2013-12-12T18:29:10.117-08:00"><QueryResponse
        startPosition="1" maxResults="1"><Item domain="QBO" sparse="false"><Id>6</Id><SyncToken>0</SyncToken><MetaData><CreateTime>2013-12-12T18:29:09-08:00</CreateTime><LastUpdatedTime>2013-12-12T18:29:09-08:00</LastUpdatedTime></MetaData><Name>Shipping
        Charges</Name><Description>Shipping</Description><Active>true</Active><FullyQualifiedName>Shipping
        Charges</FullyQualifiedName><Taxable>false</Taxable><SalesTaxIncluded>false</SalesTaxIncluded><UnitPrice>5</UnitPrice><Type>Service</Type><IncomeAccountRef
        name="Inventory Asset">76</IncomeAccountRef><PurchaseTaxIncluded>false</PurchaseTaxIncluded><PurchaseCost>0</PurchaseCost><TrackQtyOnHand>false</TrackQtyOnHand></Item></QueryResponse></IntuitResponse>
    http_version: 
  recorded_at: Fri, 13 Dec 2013 02:29:10 GMT
- request:
    method: get
    uri: https://qb.sbfinance.intuit.com/v3/company/1014843225/query?query=select%20*%20from%20Item%20where%20Name%20=%20'State%20Sales%20Tax-NY'%20STARTPOSITION%201%20MAXRESULTS%2020
    body:
      encoding: US-ASCII
      string: ''
    headers:
      Content-Type:
      - application/xml
      Accept:
      - application/xml
      Accept-Encoding:
      - gzip;q=1.0,deflate;q=0.6,identity;q=0.3
      User-Agent:
      - OAuth gem v0.4.7
      Authorization:
      - OAuth oauth_consumer_key="qyprdcG20NCyjy5jd7tKal9ivdOcbH", oauth_nonce="VjLWYJgDNeI02V1pJVMEYjXCLOl1dZVHHMPuCP8Mw",
        oauth_signature="fySKhJiCq8D06JJR7h3xRpBDFUQ%3D", oauth_signature_method="HMAC-SHA1",
        oauth_timestamp="1386901750", oauth_token="qyprdINz6x1Qccyyj7XjELX7qxFBE9CSTeNLmbPYb7oMoktC",
        oauth_version="1.0"
  response:
    status:
      code: 200
      message: OK
    headers:
      Date:
      - Fri, 13 Dec 2013 02:29:11 GMT
      Server:
      - Apache/2.2.22 (Unix)
      Qbo-Version:
      - '68.147'
      Cache-Control:
      - max-age=0, no-cache, no-store, must-revalidate, private
      Expires:
      - '0'
      Intuit-Tid:
      - fe218627-58d6-43f8-80b2-addc4615d378
      Via:
      - 1.1 ipp-gateway-ap03
      Content-Length:
      - '168'
      Connection:
      - close
      Content-Type:
      - application/xml;charset=UTF-8
    body:
      encoding: UTF-8
      string: <?xml version="1.0" encoding="UTF-8" standalone="yes"?><IntuitResponse
        xmlns="http://schema.intuit.com/finance/v3" time="2013-12-12T18:29:11.247-08:00"><QueryResponse/></IntuitResponse>
    http_version: 
  recorded_at: Fri, 13 Dec 2013 02:29:11 GMT
- request:
    method: post
    uri: https://qb.sbfinance.intuit.com/v3/company/1014843225/item
    body:
      encoding: UTF-8
      string: |-
        <?xml version="1.0" encoding="utf-8"?>
        <Item xmlns="http://schema.intuit.com/finance/v3" sparse="false">
        <Name>State Sales Tax-NY</Name>
        <Description>North America 5.0</Description>
        <UnitPrice>5.0</UnitPrice>
        <Type>Inventory</Type>
        <IncomeAccountRef>76</IncomeAccountRef>
        </Item>
    headers:
      Content-Type:
      - application/xml
      Accept:
      - application/xml
      Accept-Encoding:
      - gzip;q=1.0,deflate;q=0.6,identity;q=0.3
      User-Agent:
      - OAuth gem v0.4.7
      Content-Length:
      - '279'
      Authorization:
      - OAuth oauth_body_hash="Nq8mIQ4KjSF2PtlFmWFqJ%2Fwcxeo%3D", oauth_consumer_key="qyprdcG20NCyjy5jd7tKal9ivdOcbH",
        oauth_nonce="0Gas3QtLi9liEO1WWnTmgP2uZdnPQKmNtaisSR3IWw", oauth_signature="HQHXPeN9p3Ks3atLOoQ1OgwYCck%3D",
        oauth_signature_method="HMAC-SHA1", oauth_timestamp="1386901751", oauth_token="qyprdINz6x1Qccyyj7XjELX7qxFBE9CSTeNLmbPYb7oMoktC",
        oauth_version="1.0"
  response:
    status:
      code: 200
      message: OK
    headers:
      Date:
      - Fri, 13 Dec 2013 02:29:12 GMT
      Server:
      - Apache/2.2.22 (Unix)
      Qbo-Version:
      - '68.147'
      Cache-Control:
      - max-age=0, no-cache, no-store, must-revalidate, private
      Expires:
      - '0'
      Intuit-Tid:
      - e1500740-9c06-47bf-b2ce-44134c131bc6
      Via:
      - 1.1 ipp-gateway-ap03
      Content-Length:
      - '423'
      Connection:
      - close
      Content-Type:
      - application/xml;charset=UTF-8
    body:
      encoding: UTF-8
      string: <?xml version="1.0" encoding="UTF-8" standalone="yes"?><IntuitResponse
        xmlns="http://schema.intuit.com/finance/v3" time="2013-12-12T18:29:12.643-08:00"><Item
        domain="QBO" sparse="false"><Id>7</Id><SyncToken>0</SyncToken><MetaData><CreateTime>2013-12-12T18:29:12-08:00</CreateTime><LastUpdatedTime>2013-12-12T18:29:12-08:00</LastUpdatedTime></MetaData><Name>State
        Sales Tax-NY</Name><Description>North America 5.0</Description><Active>true</Active><Taxable>false</Taxable><SalesTaxIncluded>false</SalesTaxIncluded><UnitPrice>5</UnitPrice><Type>Service</Type><IncomeAccountRef
        name="Inventory Asset">76</IncomeAccountRef><PurchaseTaxIncluded>false</PurchaseTaxIncluded><PurchaseCost>0</PurchaseCost><TrackQtyOnHand>false</TrackQtyOnHand></Item></IntuitResponse>
    http_version: 
  recorded_at: Fri, 13 Dec 2013 02:29:13 GMT
recorded_with: VCR 2.4.0
